2025-08-25 11:34:22,364 INFO use local db service for init

2025-08-25 11:34:22,606 WARN Lexical error at line 4, column 66.  Encountered: <EOF> after : "".

2025-08-25 11:34:22,609 WARN Syntax error: Encountered "*" at line 1, column 1.

2025-08-25 11:34:22,643 WARN Table/View 'CONFIG_INFO' already exists in Schema 'NACOS'.

2025-08-25 11:34:22,683 WARN Table/View 'HIS_CONFIG_INFO' already exists in Schema 'NACOS'.

2025-08-25 11:34:22,695 WARN Table/View 'CONFIG_INFO_BETA' already exists in Schema 'NACOS'.

2025-08-25 11:34:22,701 WARN Table/View 'CONFIG_INFO_TAG' already exists in Schema 'NACOS'.

2025-08-25 11:34:22,707 WARN Table/View 'CONFIG_INFO_AGGR' already exists in Schema 'NACOS'.

2025-08-25 11:34:22,715 WARN Table/View 'APP_LIST' already exists in Schema 'NACOS'.

2025-08-25 11:34:22,720 WARN Table/View 'APP_CONFIGDATA_RELATION_SUBS' already exists in Schema 'NACOS'.

2025-08-25 11:34:22,727 WARN Table/View 'APP_CONFIGDATA_RELATION_PUBS' already exists in Schema 'NACOS'.

2025-08-25 11:34:22,733 WARN Table/View 'CONFIG_TAGS_RELATION' already exists in Schema 'NACOS'.

2025-08-25 11:34:22,741 WARN Table/View 'GROUP_CAPACITY' already exists in Schema 'NACOS'.

2025-08-25 11:34:22,746 WARN Table/View 'TENANT_CAPACITY' already exists in Schema 'NACOS'.

2025-08-25 11:34:22,752 WARN Table/View 'TENANT_INFO' already exists in Schema 'NACOS'.

2025-08-25 11:34:22,759 WARN Table/View 'USERS' already exists in Schema 'NACOS'.

2025-08-25 11:34:22,764 WARN Table/View 'ROLES' already exists in Schema 'NACOS'.

2025-08-25 11:34:22,769 WARN Table/View 'PERMISSIONS' already exists in Schema 'NACOS'.

2025-08-25 11:34:22,809 WARN The statement was aborted because it would have caused a duplicate key value in a unique or primary key constraint or unique index identified by 'SQL250817193822980' defined on 'USERS'.

2025-08-25 11:34:22,814 WARN The statement was aborted because it would have caused a duplicate key value in a unique or primary key constraint or unique index identified by 'UK_USERNAME_ROLE' defined on 'ROLES'.

2025-08-25 11:34:22,814 WARN Lexical error at line 4, column 13.  Encountered: "`" (96), after : "".

2025-08-25 11:34:22,815 WARN Lexical error at line 1, column 13.  Encountered: "`" (96), after : "".

2025-08-25 11:34:22,815 WARN Lexical error at line 1, column 13.  Encountered: "`" (96), after : "".

2025-08-25 11:34:22,815 WARN Lexical error at line 1, column 13.  Encountered: "`" (96), after : "".

2025-08-25 11:34:22,815 INFO use StandaloneDatabaseOperateImpl

